#-----------------------------------------------------------
# Vivado v2018.3 (64-bit)
# SW Build 2405991 on Thu Dec  6 23:38:27 MST 2018
# IP Build 2404404 on Fri Dec  7 01:43:56 MST 2018
# Start of session at: Thu Jul 25 09:00:47 2024
# Process ID: 8824
# Current directory: D:/220110630/proj_single_cycle
# Command line: vivado.exe -gui_launcher_event rodinguilauncherevent2732 D:\220110630\proj_single_cycle\proj_single_cycle.xpr
# Log file: D:/220110630/proj_single_cycle/vivado.log
# Journal file: D:/220110630/proj_single_cycle\vivado.jou
#-----------------------------------------------------------
start_gui
open_project D:/220110630/proj_single_cycle/proj_single_cycle.xpr
update_compile_order -fileset sources_1
reset_run synth_1
launch_runs impl_1 -to_step write_bitstream -jobs 16
wait_on_run impl_1
open_run synth_1 -name synth_1
reset_run synth_1
close_design
launch_runs impl_1 -to_step write_bitstream -jobs 16
wait_on_run impl_1
reset_run synth_1
launch_runs synth_1 -jobs 16
wait_on_run synth_1
launch_runs impl_1 -jobs 16
wait_on_run impl_1
